// Jest Snapshot v1, https://goo.gl/fbAQLP

exports[`[ExperienceCardUI] Renders experience-card correctly and matches snapshot 1`] = `
<DocumentFragment>
  <div
    class="experience-card"
  >
    <div
      class="experience-card__experience-container"
    >
      <span
        class="experience-card__number"
      >
        2
      </span>
      <span
        class="experience-card__years-label"
      >
        years
      </span>
    </div>
    <div
      class="experience-card__container-footer"
    >
      <p
        class="experience-card__description"
      >
        I am immersed in the IT community, participate in hackathons, take courses and study at the SFU Institute
      </p>
      <div
        class="experience-card__timeline-arrow"
      >
        &gt;
      </div>
    </div>
  </div>
</DocumentFragment>
`;
