// Jest Snapshot v1, https://goo.gl/fbAQLP

exports[`[CommonPage] Renders common-page correctly and matches snapshot 1`] = `
<DocumentFragment>
  <main
    class="main"
  >
    <section
      class="main__section-bg styles"
    >
      <div>
        test
      </div>
    </section>
  </main>
</DocumentFragment>
`;
