// Jest Snapshot v1, https://goo.gl/fbAQLP

exports[`[CommonPage] Renders common-page correctly and matches snapshot 1`] = `
<DocumentFragment>
  <main
    class="main"
  >
    <div
      class="main__content-wrapper
		"
    >
      <div
        class="main__content styles"
      >
        <div>
          test
        </div>
      </div>
    </div>
  </main>
</DocumentFragment>
`;
