// Jest Snapshot v1, https://goo.gl/fbAQLP

exports[`[CardsProjectUI] Renders card-project correctly and matches snapshot 1`] = `
<DocumentFragment>
  <ul
    class="cards-wrapper"
    style="transform: test-styles;"
  >
    <li
      class="cards__element"
    >
      <a
        class="card"
        href="string"
        style="left: 110px; top: 110px; transform: rotate(10deg);"
        target="_blank"
      >
        <div
          class="card__title-container"
        >
          <h3
            class="card__title"
          >
            string
          </h3>
        </div>
        <div
          class="card__discription-container"
        >
          <p
            class="card__discription"
          >
            string
          </p>
          <span
            class="card__btn"
          >
            &gt;
          </span>
        </div>
      </a>
    </li>
    <li
      class="cards__element"
    >
      <a
        class="card"
        href="string"
        style="left: 220px; top: 220px; transform: rotate(20deg);"
        target="_blank"
      >
        <div
          class="card__title-container"
        >
          <h3
            class="card__title"
          >
            string
          </h3>
        </div>
        <div
          class="card__discription-container"
        >
          <p
            class="card__discription"
          >
            string
          </p>
          <span
            class="card__btn"
          >
            &gt;
          </span>
        </div>
      </a>
    </li>
    <li
      class="cards__element"
    >
      <a
        class="card"
        href="string"
        style="left: 330px; top: 330px; transform: rotate(-10deg);"
        target="_blank"
      >
        <div
          class="card__title-container"
        >
          <h3
            class="card__title"
          >
            string
          </h3>
        </div>
        <div
          class="card__discription-container"
        >
          <p
            class="card__discription"
          >
            string
          </p>
          <span
            class="card__btn"
          >
            &gt;
          </span>
        </div>
      </a>
    </li>
    <li
      class="cards__element"
    >
      <a
        class="card"
        href="string"
        style="left: 440px; top: 440px; transform: rotate(-20deg);"
        target="_blank"
      >
        <div
          class="card__title-container"
        >
          <h3
            class="card__title"
          >
            string
          </h3>
        </div>
        <div
          class="card__discription-container"
        >
          <p
            class="card__discription"
          >
            string
          </p>
          <span
            class="card__btn"
          >
            &gt;
          </span>
        </div>
      </a>
    </li>
  </ul>
</DocumentFragment>
`;
